// Jest Snapshot v1, https://goo.gl/fbAQLP

exports[`Logo should match snapshot 1`] = `
<img
  alt="Todo App Logo"
  className="sc-bdfBQB gldXoE"
  src="logo.webp"
/>
`;