// Jest Snapshot v1, https://goo.gl/fbAQLP

exports[`LogouButton should match snapshot 1`] = `
<button
  className="sc-bdfBQB jPjxVN"
>
  DÃ©connexion
</button>
`;
